[15Jun2025 00:02:39.824] [Server thread/INFO] [net.minecraft.server.network.ServerGamePacketListenerImpl/]: DodiWo lost connection: Disconnected
[15Jun2025 00:02:39.826] [Server thread/INFO] [net.minecraft.server.MinecraftServer/]: DodiWo left the game
[15Jun2025 00:02:53.609] [Server thread/INFO] [net.minecraft.server.players.PlayerList/]: DodiWo[/100.79.208.54:52197] logged in with entity id 303784 at (1917.5884902998023, 66.7684518745805, 848.8633257328945)
[15Jun2025 00:02:53.619] [Server thread/INFO] [net.minecraft.server.MinecraftServer/]: DodiWo joined the game
[15Jun2025 00:03:34.146] [Server thread/INFO] [net.minecraft.world.entity.LivingEntity/]: Named entity Slime['Toxic Slime'/307834, l='ServerLevel[world]', x=224.99, y=34.00, z=32.49] died: Toxic Slime fell from a high place
[15Jun2025 00:03:34.675] [Server thread/WARN] [net.minecraft.server.network.ServerGamePacketListenerImpl/]: DodiWo moved wrongly!
[15Jun2025 00:03:37.947] [Server thread/WARN] [net.minecraft.server.MinecraftServer/]: Can't keep up! Is the server overloaded? Running 2008ms or 40 ticks behind
[15Jun2025 00:03:44.516] [Server thread/INFO] [net.minecraft.world.entity.LivingEntity/]: Named entity Slime['Toxic Slime'/306379, l='ServerLevel[world]', x=232.30, y=32.00, z=93.00] died: Toxic Slime fell from a high place
[15Jun2025 00:03:57.870] [Server thread/WARN] [net.minecraft.server.MinecraftServer/]: Can't keep up! Is the server overloaded? Running 4931ms or 98 ticks behind
[15Jun2025 00:04:24.793] [Server thread/WARN] [net.minecraft.server.MinecraftServer/]: Can't keep up! Is the server overloaded? Running 11954ms or 239 ticks behind
[15Jun2025 00:04:53.685] [Server thread/WARN] [net.minecraft.server.MinecraftServer/]: Can't keep up! Is the server overloaded? Running 13896ms or 277 ticks behind
[15Jun2025 00:05:01.032] [Server thread/INFO] [net.minecraft.server.MinecraftServer/]: DodiWo has completed the challenge [Border of Life]
[15Jun2025 00:05:01.033] [Server thread/INFO] [net.minecraft.world.entity.LivingEntity/]: Named entity Blaze['Desert Blaze'/314471, l='ServerLevel[world]', x=290.09, y=65.14, z=-132.18] died: Desert Blaze was slain by DodiWo
[15Jun2025 00:05:18.103] [Server thread/INFO] [net.minecraft.world.entity.LivingEntity/]: Named entity Blaze['Desert Blaze'/314473, l='ServerLevel[world]', x=297.98, y=69.00, z=-123.00] died: Desert Blaze was slain by DodiWo
[15Jun2025 00:05:27.136] [Server thread/WARN] [net.minecraft.server.MinecraftServer/]: Can't keep up! Is the server overloaded? Running 18496ms or 369 ticks behind
[15Jun2025 00:05:58.288] [Server thread/WARN] [net.minecraft.server.MinecraftServer/]: Can't keep up! Is the server overloaded? Running 16199ms or 323 ticks behind
[15Jun2025 00:06:35.672] [Server thread/WARN] [net.minecraft.server.MinecraftServer/]: Can't keep up! Is the server overloaded? Running 22433ms or 448 ticks behind
[15Jun2025 00:07:14.895] [Server thread/WARN] [net.minecraft.server.MinecraftServer/]: Can't keep up! Is the server overloaded? Running 24256ms or 485 ticks behind
[15Jun2025 00:24:47.530] [Server thread/INFO] [net.minecraft.server.network.ServerGamePacketListenerImpl/]: DodiWo lost connection: Disconnected
[15Jun2025 00:24:47.531] [Server thread/INFO] [net.minecraft.server.MinecraftServer/]: DodiWo left the game
